// Jest Snapshot v1, https://goo.gl/fbAQLP

exports[`Componente de Slider Quando eu clico no botao por ordem cronologica os filmes sao ordenados por ordem cronologica 1`] = `
<div>
  <div
    class="carousel-root"
  >
    <div
      class="carousel carousel-slider"
      style="width: 100%;"
    >
      <ul
        class="control-dots"
      >
        <li
          aria-label="slide item 1"
          class="dot"
          role="button"
          tabindex="0"
          value="0"
        />
        <li
          aria-label="slide item 2"
          class="dot selected"
          role="button"
          tabindex="0"
          value="1"
        />
        <li
          aria-label="slide item 3"
          class="dot"
          role="button"
          tabindex="0"
          value="2"
        />
        <li
          aria-label="slide item 4"
          class="dot"
          role="button"
          tabindex="0"
          value="3"
        />
      </ul>
      <button
        aria-label="previous slide / item"
        class="control-arrow control-prev"
        type="button"
      />
      <div
        class="slider-wrapper axis-horizontal"
        style="height: auto;"
      >
        <ul
          class="slider animated"
          style="transform: translate3d(-100%,0,0); transition-duration: 350ms;"
        >
          <li
            class="slide previous"
          >
            <div>
              <div
                class="sc-bdfBQB iqGwor"
              >
                <h1
                  class="sc-gsTEea bMRqBP"
                >
                  Filmoteca Star Wars
                </h1>
                <p
                  class="sc-dlfnuX cSnlMk"
                >
                  Seja bem vindo ao maior acervo de filmes da obra maxima de George Lucas!
                </p>
                <p
                  class="sc-dlfnuX cSnlMk"
                >
                  Aqui voce encontrara tudo sobre uma das maiores franquias do cinema!
                </p>
                <p
                  class="sc-dlfnuX cSnlMk"
                >
                  Vamos comecar?
                  <br />
                  Selecione abaixo a ordem em que deseja exibir os filmes:
                </p>
                <button
                  class="sc-hKgJUU hLjuup"
                  style="margin-right: 25px;"
                >
                  - Ordem Cronologica -
                </button>
                <button
                  class="sc-hKgJUU hLjuup"
                >
                  - Ordem de Lancamento -
                </button>
              </div>
              <img
                alt=""
                class="sc-eCstlR fbOgtV desk"
                src="capa.png"
              />
              <img
                alt=""
                class="sc-eCstlR fbOgtV mobile"
                src="capamobile.jpg"
              />
            </div>
          </li>
          <li
            class="slide selected"
          >
            <div>
              <div
                class="sc-bdfBQB iqGwor"
              >
                <h1
                  class="sc-gsTEea bMRqBP"
                >
                  teste
                </h1>
                <p
                  class="sc-dlfnuX cSnlMk"
                >
                  star
                </p>
                <button
                  class="sc-hKgJUU sc-iBPTik hLjuup yFKxa"
                >
                  - Mais infos -
                </button>
              </div>
              <div
                class="sc-bdfBQB sc-jSgvzq iqGwor kUZHzP"
              >
                <span
                  class="sc-gKseQn jmSvDS"
                >
                  Diretor: 
                  <font>
                    stevie
                  </font>
                </span>
                <br />
                <span
                  class="sc-gKseQn jmSvDS"
                >
                  Produtor: 
                  <font>
                    Loki
                  </font>
                </span>
                <br />
                <span
                  class="sc-gKseQn jmSvDS"
                >
                  Data de lancamento: 
                  <font>
                    24/05/1977
                  </font>
                </span>
                <br />
              </div>
              <img
                alt=""
                class="sc-eCstlR fbOgtV desk"
                src="phantommenace.png"
              />
              <img
                alt=""
                class="sc-eCstlR fbOgtV mobile"
                src="phantommenacemobile.jpg"
              />
            </div>
          </li>
          <li
            class="slide"
          >
            <div>
              <div
                class="sc-bdfBQB iqGwor"
              >
                <h1
                  class="sc-gsTEea bMRqBP"
                >
                  new moon
                </h1>
                <p
                  class="sc-dlfnuX cSnlMk"
                >
                  another
                </p>
                <button
                  class="sc-hKgJUU sc-iBPTik hLjuup yFKxa"
                >
                  - Mais infos -
                </button>
              </div>
              <div
                class="sc-bdfBQB sc-jSgvzq iqGwor kUZHzP"
              >
                <span
                  class="sc-gKseQn jmSvDS"
                >
                  Diretor: 
                  <font>
                    samuel
                  </font>
                </span>
                <br />
                <span
                  class="sc-gKseQn jmSvDS"
                >
                  Produtor: 
                  <font>
                    jojo
                  </font>
                </span>
                <br />
                <span
                  class="sc-gKseQn jmSvDS"
                >
                  Data de lancamento: 
                  <font>
                    24/05/1977
                  </font>
                </span>
                <br />
              </div>
              <img
                alt=""
                class="sc-eCstlR fbOgtV desk"
                src="attackclones.png"
              />
              <img
                alt=""
                class="sc-eCstlR fbOgtV mobile"
                src="attackclonesmobile.jpg"
              />
            </div>
          </li>
          <li
            class="slide"
          >
            <div>
              <div
                class="sc-bdfBQB iqGwor"
              >
                <h1
                  class="sc-gsTEea bMRqBP"
                >
                  imperio
                </h1>
                <p
                  class="sc-dlfnuX cSnlMk"
                >
                  de volta
                </p>
                <button
                  class="sc-hKgJUU sc-iBPTik hLjuup yFKxa"
                >
                  - Mais infos -
                </button>
              </div>
              <div
                class="sc-bdfBQB sc-jSgvzq iqGwor kUZHzP"
              >
                <span
                  class="sc-gKseQn jmSvDS"
                >
                  Diretor: 
                  <font>
                    richard
                  </font>
                </span>
                <br />
                <span
                  class="sc-gKseQn jmSvDS"
                >
                  Produtor: 
                  <font>
                    alamo
                  </font>
                </span>
                <br />
                <span
                  class="sc-gKseQn jmSvDS"
                >
                  Data de lancamento: 
                  <font>
                    24/05/1977
                  </font>
                </span>
                <br />
              </div>
              <img
                alt=""
                class="sc-eCstlR fbOgtV desk"
                src="revengesith.png"
              />
              <img
                alt=""
                class="sc-eCstlR fbOgtV mobile"
                src="revengesithmobile.jpg"
              />
            </div>
          </li>
        </ul>
      </div>
      <button
        aria-label="next slide / item"
        class="control-arrow control-next"
        type="button"
      />
    </div>
  </div>
</div>
`;

exports[`Componente de Slider Quando eu clico no botao por ordem de lancamento os filmes sao ordenados por lancamento 1`] = `
<div>
  <div
    class="carousel-root"
  >
    <div
      class="carousel carousel-slider"
      style="width: 100%;"
    >
      <ul
        class="control-dots"
      >
        <li
          aria-label="slide item 1"
          class="dot"
          role="button"
          tabindex="0"
          value="0"
        />
        <li
          aria-label="slide item 2"
          class="dot selected"
          role="button"
          tabindex="0"
          value="1"
        />
        <li
          aria-label="slide item 3"
          class="dot"
          role="button"
          tabindex="0"
          value="2"
        />
        <li
          aria-label="slide item 4"
          class="dot"
          role="button"
          tabindex="0"
          value="3"
        />
      </ul>
      <button
        aria-label="previous slide / item"
        class="control-arrow control-prev"
        type="button"
      />
      <div
        class="slider-wrapper axis-horizontal"
        style="height: auto;"
      >
        <ul
          class="slider animated"
          style="transform: translate3d(-100%,0,0); transition-duration: 350ms;"
        >
          <li
            class="slide previous"
          >
            <div>
              <div
                class="sc-bdfBQB iqGwor"
              >
                <h1
                  class="sc-gsTEea bMRqBP"
                >
                  Filmoteca Star Wars
                </h1>
                <p
                  class="sc-dlfnuX cSnlMk"
                >
                  Seja bem vindo ao maior acervo de filmes da obra maxima de George Lucas!
                </p>
                <p
                  class="sc-dlfnuX cSnlMk"
                >
                  Aqui voce encontrara tudo sobre uma das maiores franquias do cinema!
                </p>
                <p
                  class="sc-dlfnuX cSnlMk"
                >
                  Vamos comecar?
                  <br />
                  Selecione abaixo a ordem em que deseja exibir os filmes:
                </p>
                <button
                  class="sc-hKgJUU hLjuup"
                  style="margin-right: 25px;"
                >
                  - Ordem Cronologica -
                </button>
                <button
                  class="sc-hKgJUU hLjuup"
                >
                  - Ordem de Lancamento -
                </button>
              </div>
              <img
                alt=""
                class="sc-eCstlR fbOgtV desk"
                src="capa.png"
              />
              <img
                alt=""
                class="sc-eCstlR fbOgtV mobile"
                src="capamobile.jpg"
              />
            </div>
          </li>
          <li
            class="slide selected"
          >
            <div>
              <div
                class="sc-bdfBQB iqGwor"
              >
                <h1
                  class="sc-gsTEea bMRqBP"
                >
                  new moon
                </h1>
                <p
                  class="sc-dlfnuX cSnlMk"
                >
                  another
                </p>
                <button
                  class="sc-hKgJUU sc-iBPTik hLjuup yFKxa"
                >
                  - Mais infos -
                </button>
              </div>
              <div
                class="sc-bdfBQB sc-jSgvzq iqGwor kUZHzP"
              >
                <span
                  class="sc-gKseQn jmSvDS"
                >
                  Diretor: 
                  <font>
                    samuel
                  </font>
                </span>
                <br />
                <span
                  class="sc-gKseQn jmSvDS"
                >
                  Produtor: 
                  <font>
                    jojo
                  </font>
                </span>
                <br />
                <span
                  class="sc-gKseQn jmSvDS"
                >
                  Data de lancamento: 
                  <font>
                    24/05/1977
                  </font>
                </span>
                <br />
              </div>
              <img
                alt=""
                class="sc-eCstlR fbOgtV desk"
                src="attackclones.png"
              />
              <img
                alt=""
                class="sc-eCstlR fbOgtV mobile"
                src="attackclonesmobile.jpg"
              />
            </div>
          </li>
          <li
            class="slide"
          >
            <div>
              <div
                class="sc-bdfBQB iqGwor"
              >
                <h1
                  class="sc-gsTEea bMRqBP"
                >
                  imperio
                </h1>
                <p
                  class="sc-dlfnuX cSnlMk"
                >
                  de volta
                </p>
                <button
                  class="sc-hKgJUU sc-iBPTik hLjuup yFKxa"
                >
                  - Mais infos -
                </button>
              </div>
              <div
                class="sc-bdfBQB sc-jSgvzq iqGwor kUZHzP"
              >
                <span
                  class="sc-gKseQn jmSvDS"
                >
                  Diretor: 
                  <font>
                    richard
                  </font>
                </span>
                <br />
                <span
                  class="sc-gKseQn jmSvDS"
                >
                  Produtor: 
                  <font>
                    alamo
                  </font>
                </span>
                <br />
                <span
                  class="sc-gKseQn jmSvDS"
                >
                  Data de lancamento: 
                  <font>
                    24/05/1977
                  </font>
                </span>
                <br />
              </div>
              <img
                alt=""
                class="sc-eCstlR fbOgtV desk"
                src="revengesith.png"
              />
              <img
                alt=""
                class="sc-eCstlR fbOgtV mobile"
                src="revengesithmobile.jpg"
              />
            </div>
          </li>
          <li
            class="slide"
          >
            <div>
              <div
                class="sc-bdfBQB iqGwor"
              >
                <h1
                  class="sc-gsTEea bMRqBP"
                >
                  teste
                </h1>
                <p
                  class="sc-dlfnuX cSnlMk"
                >
                  star
                </p>
                <button
                  class="sc-hKgJUU sc-iBPTik hLjuup yFKxa"
                >
                  - Mais infos -
                </button>
              </div>
              <div
                class="sc-bdfBQB sc-jSgvzq iqGwor kUZHzP"
              >
                <span
                  class="sc-gKseQn jmSvDS"
                >
                  Diretor: 
                  <font>
                    stevie
                  </font>
                </span>
                <br />
                <span
                  class="sc-gKseQn jmSvDS"
                >
                  Produtor: 
                  <font>
                    Loki
                  </font>
                </span>
                <br />
                <span
                  class="sc-gKseQn jmSvDS"
                >
                  Data de lancamento: 
                  <font>
                    24/05/1977
                  </font>
                </span>
                <br />
              </div>
              <img
                alt=""
                class="sc-eCstlR fbOgtV desk"
                src="phantommenace.png"
              />
              <img
                alt=""
                class="sc-eCstlR fbOgtV mobile"
                src="phantommenacemobile.jpg"
              />
            </div>
          </li>
        </ul>
      </div>
      <button
        aria-label="next slide / item"
        class="control-arrow control-next"
        type="button"
      />
    </div>
  </div>
</div>
`;
